../Core/Src/main.c:115:5:main	160	static
../Core/Src/main.c:208:6:SystemClock_Config	120	static
../Core/Src/main.c:261:13:MX_ADC1_Init	24	static
../Core/Src/main.c:308:13:MX_SPI1_Init	8	static
../Core/Src/main.c:346:13:MX_SPI3_Init	8	static
../Core/Src/main.c:384:13:MX_USART2_UART_Init	8	static
../Core/Src/main.c:415:13:MX_DMA_Init	16	static
../Core/Src/main.c:433:13:MX_GPIO_Init	40	static
../Core/Src/main.c:484:6:StartDefaultTask	16	static
../Core/Src/main.c:510:6:Task2_Init	16	static
../Core/Src/main.c:533:6:Task3_Init	32	static
../Core/Src/main.c:610:6:Task4_Init	16	static
../Core/Src/main.c:653:6:Task5_Init	16	static
../Core/Src/main.c:672:6:HAL_TIM_PeriodElapsedCallback	16	static
../Core/Src/main.c:689:6:Error_Handler	4	static,ignoring_inline_asm
