../Core/Src/main.c:128:5:main	272	static
../Core/Src/main.c:239:6:SystemClock_Config	120	static
../Core/Src/main.c:292:13:MX_ADC1_Init	24	static
../Core/Src/main.c:339:13:MX_SPI1_Init	8	static
../Core/Src/main.c:377:13:MX_SPI3_Init	8	static
../Core/Src/main.c:415:13:MX_USART2_UART_Init	8	static
../Core/Src/main.c:446:13:MX_DMA_Init	16	static
../Core/Src/main.c:464:13:MX_GPIO_Init	40	static
../Core/Src/main.c:518:6:StartDefaultTask	16	static
../Core/Src/main.c:541:6:Task2_Init	16	static
../Core/Src/main.c:565:6:Task3_Init	32	static
../Core/Src/main.c:642:6:Task4_Init	16	static
../Core/Src/main.c:667:6:Task5_Init	16	static
../Core/Src/main.c:685:6:Task6_Init	24	static
../Core/Src/main.c:714:6:Task7_Init	24	static
../Core/Src/main.c:747:6:Task8_Init	16	static
../Core/Src/main.c:774:6:Task9_Init	16	static
../Core/Src/main.c:793:6:HAL_TIM_PeriodElapsedCallback	16	static
../Core/Src/main.c:810:6:Error_Handler	4	static,ignoring_inline_asm
