../Core/Src/main.c:99:5:main	8	static
../Core/Src/main.c:187:6:SystemClock_Config	72	static
../Core/Src/main.c:224:13:MX_USART2_UART_Init	8	static
../Core/Src/main.c:257:13:MX_GPIO_Init	40	static
../Core/Src/main.c:295:6:StartDefaultTask	24	static
../Core/Src/main.c:315:6:StartTask02	24	static
../Core/Src/main.c:335:6:StartTask03	24	static
../Core/Src/main.c:355:6:StartTask04	16	static
../Core/Src/main.c:374:6:HAL_TIM_PeriodElapsedCallback	16	static
../Core/Src/main.c:391:6:Error_Handler	4	static,ignoring_inline_asm
